// Vitest Snapshot v1, https://vitest.dev/guide/snapshot.html

exports[`Sourcemap > test 1`] = `
"const text$1 = "ðŸ˜€wyjÅ›cieðŸ˜€";

// some text Ã¼
// with surrogate pairs è‘›
const text = "ðŸ˜€wyjÅ›cieðŸ˜€";
console.log("" + text + text$1);
//# sourceMappingURL=index.js.map
"
`;

exports[`Sourcemap > test 2`] = `180`;

exports[`Sourcemap > test 3`] = `
"{
  "version": 2,
  "tree": {
    "name": "root",
    "children": [
      {
        "name": "index.js",
        "children": [
          {
            "name": "test/sourcemap-encoding",
            "children": [
              {
                "uid": "a7d1ff1c-1",
                "name": "input2.js"
              },
              {
                "uid": "a7d1ff1c-3",
                "name": "input.js"
              }
            ]
          }
        ]
      }
    ],
    "isRoot": true
  },
  "nodeParts": {
    "a7d1ff1c-1": {
      "renderedLength": 37,
      "gzipLength": 0,
      "brotliLength": 0,
      "metaUid": "a7d1ff1c-0"
    },
    "a7d1ff1c-3": {
      "renderedLength": 112,
      "gzipLength": 0,
      "brotliLength": 0,
      "metaUid": "a7d1ff1c-2"
    }
  },
  "nodeMetas": {
    "a7d1ff1c-0": {
      "id": "/test/sourcemap-encoding/input2.js",
      "moduleParts": {
        "index.js": "a7d1ff1c-1"
      },
      "imported": [],
      "importedBy": [
        {
          "uid": "a7d1ff1c-2"
        }
      ]
    },
    "a7d1ff1c-2": {
      "id": "/test/sourcemap-encoding/input.js",
      "moduleParts": {
        "index.js": "a7d1ff1c-3"
      },
      "imported": [
        {
          "uid": "a7d1ff1c-0"
        }
      ],
      "importedBy": [],
      "isEntry": true
    }
  },
  "env": {
    "rollup": "4.42.0"
  },
  "options": {
    "gzip": false,
    "brotli": false,
    "sourcemap": true
  }
}"
`;
